hdoop@ubuntu:~$ hdfs namenode -format
WARNING: /home/hdoop/hadoop-3.2.1/logs does not exist. Creating.
2021-04-29 03:46:37,678 INFO namenode.NameNode: STARTUP_MSG: 
/************************************************************
STARTUP_MSG: Starting NameNode
STARTUP_MSG:   host = ubuntu/127.0.1.1
STARTUP_MSG:   args = [-format]
STARTUP_MSG:   version = 3.2.1
STARTUP_MSG:   classpath = /home/hdoop/hadoop-3.2.1/etc/hadoop:/home/hdoop/hadoop-3.2.1/share/hadoop/common/lib/failureaccess-1.0.jar:/home/hdoop/hadoop-3.2.1/share/hadoop/common/lib/commons-codec-1.11.jar:/home/hdoop/hadoop-3.2.1/share/hadoop/common/lib/log4j-1.2.17.jar:/home/hdoop/hadoop-3.2.1/share/hadoop/common/lib/gson-2.2.4.jar:/home/hdoop/hadoop-3.2.1/share/hadoop/common/lib/avro-1.7.7.jar:/home/hdoop/hadoop-3.2.1/share/hadoop/common/lib/commons-cli-1.2.jar:/home/hdoop/hadoop-3.2.1/share/hadoop/common/lib/commons-collections-3.2.2.jar:/home/hdoop/hadoop-3.2.1/share/hadoop/common/lib/re2j-1.1.jar:/home/hdoop/hadoop-3.2.1/share/hadoop/common/lib/jettison-1.1.jar:/home/hdoop/hadoop-3.2.1/share/hadoop/common/lib/checker-qual-2.5.2.jar:/home/hdoop/hadoop-3.2.1/share/hadoop/common/lib/kerb-identity-1.0.1.jar:/home/hdoop/hadoop-3.2.1/share/hadoop/common/lib/commons-net-3.6.jar:/home/hdoop/hadoop-3.2.1/share/hadoop/common/lib/jetty-security-9.3.24.v20180605.jar:/home/hdoop/hadoop-3.2.1/share/hadoop/common/lib/commons-text-1.4.jar:/home/hdoop/hadoop-3.2.1/share/hadoop/common/lib/kerby-config-1.0.1.jar:/home/hdoop/hadoop-3.2.1/share/hadoop/common/lib/jcip-annotations-1.0-1.jar:/home/hdoop/hadoop-3.2.1/share/hadoop/common/lib/jetty-webapp-9.3.24.v20180605.jar:/home/hdoop/hadoop-3.2.1/share/hadoop/common/lib/netty-3.10.5.Final.jar:/home/hdoop/hadoop-3.2.1/share/hadoop/common/lib/jul-to-slf4j-1.7.25.jar:/home/hdoop/hadoop-3.2.1/share/hadoop/common/lib/j2objc-annotations-1.1.jar:/home/hdoop/hadoop-3.2.1/share/hadoop/common/lib/kerb-core-1.0.1.jar:/home/hdoop/hadoop-3.2.1/share/hadoop/common/lib/commons-lang3-3.7.jar:/home/hdoop/hadoop-3.2.1/share/hadoop/common/lib/dnsjava-2.1.7.jar:/home/hdoop/hadoop-3.2.1/share/hadoop/common/lib/slf4j-log4j12-1.7.25.jar:/home/hdoop/hadoop-3.2.1/share/hadoop/common/lib/commons-io-2.5.jar:/home/hdoop/hadoop-3.2.1/share/hadoop/common/lib/hadoop-annotations-3.2.1.jar:/home/hdoop/hadoop-3.2.1/share/hadoop/common/lib/jersey-core-1.19.jar:/home/hdoop/hadoop-3.2.1/share/hadoop/common/lib/kerb-admin-1.0.1.jar:/home/hdoop/hadoop-3.2.1/share/hadoop/common/lib/jetty-server-9.3.24.v20180605.jar:/home/hdoop/hadoop-3.2.1/share/hadoop/common/lib/slf4j-api-1.7.25.jar:/home/hdoop/hadoop-3.2.1/share/hadoop/common/lib/jsr311-api-1.1.1.jar:/home/hdoop/hadoop-3.2.1/share/hadoop/common/lib/guava-27.0-jre.jar:/home/hdoop/hadoop-3.2.1/share/hadoop/common/lib/jaxb-api-2.2.11.jar:/home/hdoop/hadoop-3.2.1/share/hadoop/common/lib/commons-compress-1.18.jar:/home/hdoop/hadoop-3.2.1/share/hadoop/common/lib/jackson-core-asl-1.9.13.jar:/home/hdoop/hadoop-3.2.1/share/hadoop/common/lib/jsch-0.1.54.jar:/home/hdoop/hadoop-3.2.1/share/hadoop/common/lib/woodstox-core-5.0.3.jar:/home/hdoop/hadoop-3.2.1/share/hadoop/common/lib/commons-logging-1.1.3.jar:/home/hdoop/hadoop-3.2.1/share/hadoop/common/lib/token-provider-1.0.1.jar:/home/hdoop/hadoop-3.2.1/share/hadoop/common/lib/kerb-util-1.0.1.jar:/home/hdoop/hadoop-3.2.1/share/hadoop/common/lib/snappy-java-1.0.5.jar:/home/hdoop/hadoop-3.2.1/share/hadoop/common/lib/metrics-core-3.2.4.jar:/home/hdoop/hadoop-3.2.1/share/hadoop/common/lib/jackson-annotations-2.9.8.jar:/home/hdoop/hadoop-3.2.1/share/hadoop/common/lib/jsr305-3.0.0.jar:/home/hdoop/hadoop-3.2.1/share/hadoop/common/lib/jackson-mapper-asl-1.9.13.jar:/home/hdoop/hadoop-3.2.1/share/hadoop/common/lib/protobuf-java-2.5.0.jar:/home/hdoop/hadoop-3.2.1/share/hadoop/common/lib/jetty-servlet-9.3.24.v20180605.jar:/home/hdoop/hadoop-3.2.1/share/hadoop/common/lib/javax.servlet-api-3.1.0.jar:/home/hdoop/hadoop-3.2.1/share/hadoop/common/lib/jackson-core-2.9.8.jar:/home/hdoop/hadoop-3.2.1/share/hadoop/common/lib/jsp-api-2.1.jar:/home/hdoop/hadoop-3.2.1/share/hadoop/common/lib/httpcore-4.4.10.jar:/home/hdoop/hadoop-3.2.1/share/hadoop/common/lib/jersey-servlet-1.19.jar:/home/hdoop/hadoop-3.2.1/share/hadoop/common/lib/json-smart-2.3.jar:/home/hdoop/hadoop-3.2.1/share/hadoop/common/lib/kerby-xdr-1.0.1.jar:/home/hdoop/hadoop-3.2.1/share/hadoop/common/lib/jackson-jaxrs-1.9.13.jar:/home/hdoop/hadoop-3.2.1/share/hadoop/common/lib/kerb-client-1.0.1.jar:/home/hdoop/hadoop-3.2.1/share/hadoop/common/lib/curator-client-2.13.0.jar:/home/hdoop/hadoop-3.2.1/share/hadoop/common/lib/kerby-pkix-1.0.1.jar:/home/hdoop/hadoop-3.2.1/share/hadoop/common/lib/httpclient-4.5.6.jar:/home/hdoop/hadoop-3.2.1/share/hadoop/common/lib/htrace-core4-4.1.0-incubating.jar:/home/hdoop/hadoop-3.2.1/share/hadoop/common/lib/asm-5.0.4.jar:/home/hdoop/hadoop-3.2.1/share/hadoop/common/lib/jetty-http-9.3.24.v20180605.jar:/home/hdoop/hadoop-3.2.1/share/hadoop/common/lib/commons-math3-3.1.1.jar:/home/hdoop/hadoop-3.2.1/share/hadoop/common/lib/jackson-databind-2.9.8.jar:/home/hdoop/hadoop-3.2.1/share/hadoop/common/lib/curator-framework-2.13.0.jar:/home/hdoop/hadoop-3.2.1/share/hadoop/common/lib/listenablefuture-9999.0-empty-to-avoid-conflict-with-guava.jar:/home/hdoop/hadoop-3.2.1/share/hadoop/common/lib/jackson-xc-1.9.13.jar:/home/hdoop/hadoop-3.2.1/share/hadoop/common/lib/paranamer-2.3.jar:/home/hdoop/hadoop-3.2.1/share/hadoop/common/lib/curator-recipes-2.13.0.jar:/home/hdoop/hadoop-3.2.1/share/hadoop/common/lib/audience-annotations-0.5.0.jar:/home/hdoop/hadoop-3.2.1/share/hadoop/common/lib/stax2-api-3.1.4.jar:/home/hdoop/hadoop-3.2.1/share/hadoop/common/lib/nimbus-jose-jwt-4.41.1.jar:/home/hdoop/hadoop-3.2.1/share/hadoop/common/lib/zookeeper-3.4.13.jar:/home/hdoop/hadoop-3.2.1/share/hadoop/common/lib/kerb-common-1.0.1.jar:/home/hdoop/hadoop-3.2.1/share/hadoop/common/lib/jaxb-impl-2.2.3-1.jar:/home/hdoop/hadoop-3.2.1/share/hadoop/common/lib/kerby-asn1-1.0.1.jar:/home/hdoop/hadoop-3.2.1/share/hadoop/common/lib/jersey-server-1.19.jar:/home/hdoop/hadoop-3.2.1/share/hadoop/common/lib/jersey-json-1.19.jar:/home/hdoop/hadoop-3.2.1/share/hadoop/common/lib/kerb-crypto-1.0.1.jar:/home/hdoop/hadoop-3.2.1/share/hadoop/common/lib/hadoop-auth-3.2.1.jar:/home/hdoop/hadoop-3.2.1/share/hadoop/common/lib/kerb-server-1.0.1.jar:/home/hdoop/hadoop-3.2.1/share/hadoop/common/lib/animal-sniffer-annotations-1.17.jar:/home/hdoop/hadoop-3.2.1/share/hadoop/common/lib/commons-configuration2-2.1.1.jar:/home/hdoop/hadoop-3.2.1/share/hadoop/common/lib/commons-beanutils-1.9.3.jar:/home/hdoop/hadoop-3.2.1/share/hadoop/common/lib/jetty-xml-9.3.24.v20180605.jar:/home/hdoop/hadoop-3.2.1/share/hadoop/common/lib/jetty-io-9.3.24.v20180605.jar:/home/hdoop/hadoop-3.2.1/share/hadoop/common/lib/jetty-util-9.3.24.v20180605.jar:/home/hdoop/hadoop-3.2.1/share/hadoop/common/lib/accessors-smart-1.2.jar:/home/hdoop/hadoop-3.2.1/share/hadoop/common/lib/kerb-simplekdc-1.0.1.jar:/home/hdoop/hadoop-3.2.1/share/hadoop/common/lib/error_prone_annotations-2.2.0.jar:/home/hdoop/hadoop-3.2.1/share/hadoop/common/lib/kerby-util-1.0.1.jar:/home/hdoop/hadoop-3.2.1/share/hadoop/common/hadoop-common-3.2.1-tests.jar:/home/hdoop/hadoop-3.2.1/share/hadoop/common/hadoop-kms-3.2.1.jar:/home/hdoop/hadoop-3.2.1/share/hadoop/common/hadoop-nfs-3.2.1.jar:/home/hdoop/hadoop-3.2.1/share/hadoop/common/hadoop-common-3.2.1.jar:/home/hdoop/hadoop-3.2.1/share/hadoop/hdfs:/home/hdoop/hadoop-3.2.1/share/hadoop/hdfs/lib/failureaccess-1.0.jar:/home/hdoop/hadoop-3.2.1/share/hadoop/hdfs/lib/commons-codec-1.11.jar:/home/hdoop/hadoop-3.2.1/share/hadoop/hdfs/lib/log4j-1.2.17.jar:/home/hdoop/hadoop-3.2.1/share/hadoop/hdfs/lib/json-simple-1.1.1.jar:/home/hdoop/hadoop-3.2.1/share/hadoop/hdfs/lib/gson-2.2.4.jar:/home/hdoop/hadoop-3.2.1/share/hadoop/hdfs/lib/avro-1.7.7.jar:/home/hdoop/hadoop-3.2.1/share/hadoop/hdfs/lib/commons-cli-1.2.jar:/home/hdoop/hadoop-3.2.1/share/hadoop/hdfs/lib/commons-collections-3.2.2.jar:/home/hdoop/hadoop-3.2.1/share/hadoop/hdfs/lib/re2j-1.1.jar:/home/hdoop/hadoop-3.2.1/share/hadoop/hdfs/lib/jetty-util-ajax-9.3.24.v20180605.jar:/home/hdoop/hadoop-3.2.1/share/hadoop/hdfs/lib/jettison-1.1.jar:/home/hdoop/hadoop-3.2.1/share/hadoop/hdfs/lib/checker-qual-2.5.2.jar:/home/hdoop/hadoop-3.2.1/share/hadoop/hdfs/lib/kerb-identity-1.0.1.jar:/home/hdoop/hadoop-3.2.1/share/hadoop/hdfs/lib/commons-net-3.6.jar:/home/hdoop/hadoop-3.2.1/share/hadoop/hdfs/lib/jetty-security-9.3.24.v20180605.jar:/home/hdoop/hadoop-3.2.1/share/hadoop/hdfs/lib/commons-text-1.4.jar:/home/hdoop/hadoop-3.2.1/share/hadoop/hdfs/lib/kerby-config-1.0.1.jar:/home/hdoop/hadoop-3.2.1/share/hadoop/hdfs/lib/jcip-annotations-1.0-1.jar:/home/hdoop/hadoop-3.2.1/share/hadoop/hdfs/lib/jetty-webapp-9.3.24.v20180605.jar:/home/hdoop/hadoop-3.2.1/share/hadoop/hdfs/lib/netty-3.10.5.Final.jar:/home/hdoop/hadoop-3.2.1/share/hadoop/hdfs/lib/j2objc-annotations-1.1.jar:/home/hdoop/hadoop-3.2.1/share/hadoop/hdfs/lib/kerb-core-1.0.1.jar:/home/hdoop/hadoop-3.2.1/share/hadoop/hdfs/lib/commons-lang3-3.7.jar:/home/hdoop/hadoop-3.2.1/share/hadoop/hdfs/lib/dnsjava-2.1.7.jar:/home/hdoop/hadoop-3.2.1/share/hadoop/hdfs/lib/commons-io-2.5.jar:/home/hdoop/hadoop-3.2.1/share/hadoop/hdfs/lib/hadoop-annotations-3.2.1.jar:/home/hdoop/hadoop-3.2.1/share/hadoop/hdfs/lib/jersey-core-1.19.jar:/home/hdoop/hadoop-3.2.1/share/hadoop/hdfs/lib/kerb-admin-1.0.1.jar:/home/hdoop/hadoop-3.2.1/share/hadoop/hdfs/lib/jetty-server-9.3.24.v20180605.jar:/home/hdoop/hadoop-3.2.1/share/hadoop/hdfs/lib/jsr311-api-1.1.1.jar:/home/hdoop/hadoop-3.2.1/share/hadoop/hdfs/lib/guava-27.0-jre.jar:/home/hdoop/hadoop-3.2.1/share/hadoop/hdfs/lib/jaxb-api-2.2.11.jar:/home/hdoop/hadoop-3.2.1/share/hadoop/hdfs/lib/commons-compress-1.18.jar:/home/hdoop/hadoop-3.2.1/share/hadoop/hdfs/lib/netty-all-4.0.52.Final.jar:/home/hdoop/hadoop-3.2.1/share/hadoop/hdfs/lib/jackson-core-asl-1.9.13.jar:/home/hdoop/hadoop-3.2.1/share/hadoop/hdfs/lib/jsch-0.1.54.jar:/home/hdoop/hadoop-3.2.1/share/hadoop/hdfs/lib/woodstox-core-5.0.3.jar:/home/hdoop/hadoop-3.2.1/share/hadoop/hdfs/lib/commons-logging-1.1.3.jar:/home/hdoop/hadoop-3.2.1/share/hadoop/hdfs/lib/leveldbjni-all-1.8.jar:/home/hdoop/hadoop-3.2.1/share/hadoop/hdfs/lib/token-provider-1.0.1.jar:/home/hdoop/hadoop-3.2.1/share/hadoop/hdfs/lib/kerb-util-1.0.1.jar:/home/hdoop/hadoop-3.2.1/share/hadoop/hdfs/lib/snappy-java-1.0.5.jar:/home/hdoop/hadoop-3.2.1/share/hadoop/hdfs/lib/jackson-annotations-2.9.8.jar:/home/hdoop/hadoop-3.2.1/share/hadoop/hdfs/lib/jsr305-3.0.0.jar:/home/hdoop/hadoop-3.2.1/share/hadoop/hdfs/lib/jackson-mapper-asl-1.9.13.jar:/home/hdoop/hadoop-3.2.1/share/hadoop/hdfs/lib/protobuf-java-2.5.0.jar:/home/hdoop/hadoop-3.2.1/share/hadoop/hdfs/lib/jetty-servlet-9.3.24.v20180605.jar:/home/hdoop/hadoop-3.2.1/share/hadoop/hdfs/lib/javax.servlet-api-3.1.0.jar:/home/hdoop/hadoop-3.2.1/share/hadoop/hdfs/lib/jackson-core-2.9.8.jar:/home/hdoop/hadoop-3.2.1/share/hadoop/hdfs/lib/httpcore-4.4.10.jar:/home/hdoop/hadoop-3.2.1/share/hadoop/hdfs/lib/jersey-servlet-1.19.jar:/home/hdoop/hadoop-3.2.1/share/hadoop/hdfs/lib/json-smart-2.3.jar:/home/hdoop/hadoop-3.2.1/share/hadoop/hdfs/lib/kerby-xdr-1.0.1.jar:/home/hdoop/hadoop-3.2.1/share/hadoop/hdfs/lib/jackson-jaxrs-1.9.13.jar:/home/hdoop/hadoop-3.2.1/share/hadoop/hdfs/lib/kerb-client-1.0.1.jar:/home/hdoop/hadoop-3.2.1/share/hadoop/hdfs/lib/curator-client-2.13.0.jar:/home/hdoop/hadoop-3.2.1/share/hadoop/hdfs/lib/kerby-pkix-1.0.1.jar:/home/hdoop/hadoop-3.2.1/share/hadoop/hdfs/lib/httpclient-4.5.6.jar:/home/hdoop/hadoop-3.2.1/share/hadoop/hdfs/lib/htrace-core4-4.1.0-incubating.jar:/home/hdoop/hadoop-3.2.1/share/hadoop/hdfs/lib/asm-5.0.4.jar:/home/hdoop/hadoop-3.2.1/share/hadoop/hdfs/lib/jetty-http-9.3.24.v20180605.jar:/home/hdoop/hadoop-3.2.1/share/hadoop/hdfs/lib/commons-math3-3.1.1.jar:/home/hdoop/hadoop-3.2.1/share/hadoop/hdfs/lib/jackson-databind-2.9.8.jar:/home/hdoop/hadoop-3.2.1/share/hadoop/hdfs/lib/curator-framework-2.13.0.jar:/home/hdoop/hadoop-3.2.1/share/hadoop/hdfs/lib/okio-1.6.0.jar:/home/hdoop/hadoop-3.2.1/share/hadoop/hdfs/lib/listenablefuture-9999.0-empty-to-avoid-conflict-with-guava.jar:/home/hdoop/hadoop-3.2.1/share/hadoop/hdfs/lib/jackson-xc-1.9.13.jar:/home/hdoop/hadoop-3.2.1/share/hadoop/hdfs/lib/paranamer-2.3.jar:/home/hdoop/hadoop-3.2.1/share/hadoop/hdfs/lib/curator-recipes-2.13.0.jar:/home/hdoop/hadoop-3.2.1/share/hadoop/hdfs/lib/audience-annotations-0.5.0.jar:/home/hdoop/hadoop-3.2.1/share/hadoop/hdfs/lib/stax2-api-3.1.4.jar:/home/hdoop/hadoop-3.2.1/share/hadoop/hdfs/lib/nimbus-jose-jwt-4.41.1.jar:/home/hdoop/hadoop-3.2.1/share/hadoop/hdfs/lib/zookeeper-3.4.13.jar:/home/hdoop/hadoop-3.2.1/share/hadoop/hdfs/lib/commons-daemon-1.0.13.jar:/home/hdoop/hadoop-3.2.1/share/hadoop/hdfs/lib/kerb-common-1.0.1.jar:/home/hdoop/hadoop-3.2.1/share/hadoop/hdfs/lib/okhttp-2.7.5.jar:/home/hdoop/hadoop-3.2.1/share/hadoop/hdfs/lib/jaxb-impl-2.2.3-1.jar:/home/hdoop/hadoop-3.2.1/share/hadoop/hdfs/lib/kerby-asn1-1.0.1.jar:/home/hdoop/hadoop-3.2.1/share/hadoop/hdfs/lib/jersey-server-1.19.jar:/home/hdoop/hadoop-3.2.1/share/hadoop/hdfs/lib/jersey-json-1.19.jar:/home/hdoop/hadoop-3.2.1/share/hadoop/hdfs/lib/kerb-crypto-1.0.1.jar:/home/hdoop/hadoop-3.2.1/share/hadoop/hdfs/lib/hadoop-auth-3.2.1.jar:/home/hdoop/hadoop-3.2.1/share/hadoop/hdfs/lib/kerb-server-1.0.1.jar:/home/hdoop/hadoop-3.2.1/share/hadoop/hdfs/lib/animal-sniffer-annotations-1.17.jar:/home/hdoop/hadoop-3.2.1/share/hadoop/hdfs/lib/commons-configuration2-2.1.1.jar:/home/hdoop/hadoop-3.2.1/share/hadoop/hdfs/lib/commons-beanutils-1.9.3.jar:/home/hdoop/hadoop-3.2.1/share/hadoop/hdfs/lib/jetty-xml-9.3.24.v20180605.jar:/home/hdoop/hadoop-3.2.1/share/hadoop/hdfs/lib/jetty-io-9.3.24.v20180605.jar:/home/hdoop/hadoop-3.2.1/share/hadoop/hdfs/lib/jetty-util-9.3.24.v20180605.jar:/home/hdoop/hadoop-3.2.1/share/hadoop/hdfs/lib/accessors-smart-1.2.jar:/home/hdoop/hadoop-3.2.1/share/hadoop/hdfs/lib/kerb-simplekdc-1.0.1.jar:/home/hdoop/hadoop-3.2.1/share/hadoop/hdfs/lib/error_prone_annotations-2.2.0.jar:/home/hdoop/hadoop-3.2.1/share/hadoop/hdfs/lib/kerby-util-1.0.1.jar:/home/hdoop/hadoop-3.2.1/share/hadoop/hdfs/hadoop-hdfs-rbf-3.2.1.jar:/home/hdoop/hadoop-3.2.1/share/hadoop/hdfs/hadoop-hdfs-3.2.1-tests.jar:/home/hdoop/hadoop-3.2.1/share/hadoop/hdfs/hadoop-hdfs-native-client-3.2.1.jar:/home/hdoop/hadoop-3.2.1/share/hadoop/hdfs/hadoop-hdfs-3.2.1.jar:/home/hdoop/hadoop-3.2.1/share/hadoop/hdfs/hadoop-hdfs-native-client-3.2.1-tests.jar:/home/hdoop/hadoop-3.2.1/share/hadoop/hdfs/hadoop-hdfs-nfs-3.2.1.jar:/home/hdoop/hadoop-3.2.1/share/hadoop/hdfs/hadoop-hdfs-httpfs-3.2.1.jar:/home/hdoop/hadoop-3.2.1/share/hadoop/hdfs/hadoop-hdfs-client-3.2.1-tests.jar:/home/hdoop/hadoop-3.2.1/share/hadoop/hdfs/hadoop-hdfs-client-3.2.1.jar:/home/hdoop/hadoop-3.2.1/share/hadoop/hdfs/hadoop-hdfs-rbf-3.2.1-tests.jar:/home/hdoop/hadoop-3.2.1/share/hadoop/mapreduce/lib/hamcrest-core-1.3.jar:/home/hdoop/hadoop-3.2.1/share/hadoop/mapreduce/lib/junit-4.11.jar:/home/hdoop/hadoop-3.2.1/share/hadoop/mapreduce/hadoop-mapreduce-client-jobclient-3.2.1.jar:/home/hdoop/hadoop-3.2.1/share/hadoop/mapreduce/hadoop-mapreduce-client-hs-3.2.1.jar:/home/hdoop/hadoop-3.2.1/share/hadoop/mapreduce/hadoop-mapreduce-client-nativetask-3.2.1.jar:/home/hdoop/hadoop-3.2.1/share/hadoop/mapreduce/hadoop-mapreduce-client-app-3.2.1.jar:/home/hdoop/hadoop-3.2.1/share/hadoop/mapreduce/hadoop-mapreduce-client-core-3.2.1.jar:/home/hdoop/hadoop-3.2.1/share/hadoop/mapreduce/hadoop-mapreduce-client-jobclient-3.2.1-tests.jar:/home/hdoop/hadoop-3.2.1/share/hadoop/mapreduce/hadoop-mapreduce-client-hs-plugins-3.2.1.jar:/home/hdoop/hadoop-3.2.1/share/hadoop/mapreduce/hadoop-mapreduce-examples-3.2.1.jar:/home/hdoop/hadoop-3.2.1/share/hadoop/mapreduce/hadoop-mapreduce-client-uploader-3.2.1.jar:/home/hdoop/hadoop-3.2.1/share/hadoop/mapreduce/hadoop-mapreduce-client-shuffle-3.2.1.jar:/home/hdoop/hadoop-3.2.1/share/hadoop/mapreduce/hadoop-mapreduce-client-common-3.2.1.jar:/home/hdoop/hadoop-3.2.1/share/hadoop/yarn:/home/hdoop/hadoop-3.2.1/share/hadoop/yarn/lib/snakeyaml-1.16.jar:/home/hdoop/hadoop-3.2.1/share/hadoop/yarn/lib/jersey-client-1.19.jar:/home/hdoop/hadoop-3.2.1/share/hadoop/yarn/lib/jackson-module-jaxb-annotations-2.9.8.jar:/home/hdoop/hadoop-3.2.1/share/hadoop/yarn/lib/jackson-jaxrs-json-provider-2.9.8.jar:/home/hdoop/hadoop-3.2.1/share/hadoop/yarn/lib/bcpkix-jdk15on-1.60.jar:/home/hdoop/hadoop-3.2.1/share/hadoop/yarn/lib/jackson-jaxrs-base-2.9.8.jar:/home/hdoop/hadoop-3.2.1/share/hadoop/yarn/lib/jersey-guice-1.19.jar:/home/hdoop/hadoop-3.2.1/share/hadoop/yarn/lib/aopalliance-1.0.jar:/home/hdoop/hadoop-3.2.1/share/hadoop/yarn/lib/objenesis-1.0.jar:/home/hdoop/hadoop-3.2.1/share/hadoop/yarn/lib/java-util-1.9.0.jar:/home/hdoop/hadoop-3.2.1/share/hadoop/yarn/lib/javax.inject-1.jar:/home/hdoop/hadoop-3.2.1/share/hadoop/yarn/lib/metrics-core-3.2.4.jar:/home/hdoop/hadoop-3.2.1/share/hadoop/yarn/lib/ehcache-3.3.1.jar:/home/hdoop/hadoop-3.2.1/share/hadoop/yarn/lib/swagger-annotations-1.5.4.jar:/home/hdoop/hadoop-3.2.1/share/hadoop/yarn/lib/fst-2.50.jar:/home/hdoop/hadoop-3.2.1/share/hadoop/yarn/lib/mssql-jdbc-6.2.1.jre7.jar:/home/hdoop/hadoop-3.2.1/share/hadoop/yarn/lib/guice-4.0.jar:/home/hdoop/hadoop-3.2.1/share/hadoop/yarn/lib/HikariCP-java7-2.4.12.jar:/home/hdoop/hadoop-3.2.1/share/hadoop/yarn/lib/geronimo-jcache_1.0_spec-1.0-alpha-1.jar:/home/hdoop/hadoop-3.2.1/share/hadoop/yarn/lib/guice-servlet-4.0.jar:/home/hdoop/hadoop-3.2.1/share/hadoop/yarn/lib/bcprov-jdk15on-1.60.jar:/home/hdoop/hadoop-3.2.1/share/hadoop/yarn/lib/json-io-2.5.1.jar:/home/hdoop/hadoop-3.2.1/share/hadoop/yarn/hadoop-yarn-server-nodemanager-3.2.1.jar:/home/hdoop/hadoop-3.2.1/share/hadoop/yarn/hadoop-yarn-server-tests-3.2.1.jar:/home/hdoop/hadoop-3.2.1/share/hadoop/yarn/hadoop-yarn-client-3.2.1.jar:/home/hdoop/hadoop-3.2.1/share/hadoop/yarn/hadoop-yarn-server-resourcemanager-3.2.1.jar:/home/hdoop/hadoop-3.2.1/share/hadoop/yarn/hadoop-yarn-common-3.2.1.jar:/home/hdoop/hadoop-3.2.1/share/hadoop/yarn/hadoop-yarn-server-applicationhistoryservice-3.2.1.jar:/home/hdoop/hadoop-3.2.1/share/hadoop/yarn/hadoop-yarn-api-3.2.1.jar:/home/hdoop/hadoop-3.2.1/share/hadoop/yarn/hadoop-yarn-applications-distributedshell-3.2.1.jar:/home/hdoop/hadoop-3.2.1/share/hadoop/yarn/hadoop-yarn-server-common-3.2.1.jar:/home/hdoop/hadoop-3.2.1/share/hadoop/yarn/hadoop-yarn-applications-unmanaged-am-launcher-3.2.1.jar:/home/hdoop/hadoop-3.2.1/share/hadoop/yarn/hadoop-yarn-server-web-proxy-3.2.1.jar:/home/hdoop/hadoop-3.2.1/share/hadoop/yarn/hadoop-yarn-server-sharedcachemanager-3.2.1.jar:/home/hdoop/hadoop-3.2.1/share/hadoop/yarn/hadoop-yarn-server-timeline-pluginstorage-3.2.1.jar:/home/hdoop/hadoop-3.2.1/share/hadoop/yarn/hadoop-yarn-services-core-3.2.1.jar:/home/hdoop/hadoop-3.2.1/share/hadoop/yarn/hadoop-yarn-registry-3.2.1.jar:/home/hdoop/hadoop-3.2.1/share/hadoop/yarn/hadoop-yarn-submarine-3.2.1.jar:/home/hdoop/hadoop-3.2.1/share/hadoop/yarn/hadoop-yarn-server-router-3.2.1.jar:/home/hdoop/hadoop-3.2.1/share/hadoop/yarn/hadoop-yarn-services-api-3.2.1.jar
STARTUP_MSG:   build = https://gitbox.apache.org/repos/asf/hadoop.git -r b3cbbb467e22ea829b3808f4b7b01d07e0bf3842; compiled by 'rohithsharmaks' on 2019-09-10T15:56Z
STARTUP_MSG:   java = 1.8.0_282
************************************************************/
2021-04-29 03:46:37,754 INFO namenode.NameNode: registered UNIX signal handlers for [TERM, HUP, INT]
2021-04-29 03:46:37,956 INFO namenode.NameNode: createNameNode [-format]
Formatting using clusterid: CID-60b5fbfd-b9c9-4803-8cb8-79c2ea8edf81
2021-04-29 03:46:39,409 INFO namenode.FSEditLog: Edit logging is async:true
2021-04-29 03:46:39,453 INFO namenode.FSNamesystem: KeyProvider: null
2021-04-29 03:46:39,456 INFO namenode.FSNamesystem: fsLock is fair: true
2021-04-29 03:46:39,459 INFO namenode.FSNamesystem: Detailed lock hold time metrics enabled: false
2021-04-29 03:46:39,490 INFO namenode.FSNamesystem: fsOwner             = hdoop (auth:SIMPLE)
2021-04-29 03:46:39,491 INFO namenode.FSNamesystem: supergroup          = supergroup
2021-04-29 03:46:39,491 INFO namenode.FSNamesystem: isPermissionEnabled = true
2021-04-29 03:46:39,491 INFO namenode.FSNamesystem: HA Enabled: false
2021-04-29 03:46:39,588 INFO common.Util: dfs.datanode.fileio.profiling.sampling.percentage set to 0. Disabling file IO profiling
2021-04-29 03:46:39,614 INFO blockmanagement.DatanodeManager: dfs.block.invalidate.limit: configured=1000, counted=60, effected=1000
2021-04-29 03:46:39,615 INFO blockmanagement.DatanodeManager: dfs.namenode.datanode.registration.ip-hostname-check=true
2021-04-29 03:46:39,637 INFO blockmanagement.BlockManager: dfs.namenode.startup.delay.block.deletion.sec is set to 000:00:00:00.000
2021-04-29 03:46:39,637 INFO blockmanagement.BlockManager: The block deletion will start around 2021 Apr 29 03:46:39
2021-04-29 03:46:39,640 INFO util.GSet: Computing capacity for map BlocksMap
2021-04-29 03:46:39,640 INFO util.GSet: VM type       = 64-bit
2021-04-29 03:46:39,655 INFO util.GSet: 2.0% max memory 660 MB = 13.2 MB
2021-04-29 03:46:39,655 INFO util.GSet: capacity      = 2^21 = 2097152 entries
2021-04-29 03:46:39,668 INFO blockmanagement.BlockManager: Storage policy satisfier is disabled
2021-04-29 03:46:39,668 INFO blockmanagement.BlockManager: dfs.block.access.token.enable = false
2021-04-29 03:46:39,694 INFO Configuration.deprecation: No unit for dfs.namenode.safemode.extension(30000) assuming MILLISECONDS
2021-04-29 03:46:39,695 INFO blockmanagement.BlockManagerSafeMode: dfs.namenode.safemode.threshold-pct = 0.9990000128746033
2021-04-29 03:46:39,695 INFO blockmanagement.BlockManagerSafeMode: dfs.namenode.safemode.min.datanodes = 0
2021-04-29 03:46:39,695 INFO blockmanagement.BlockManagerSafeMode: dfs.namenode.safemode.extension = 30000
2021-04-29 03:46:39,696 INFO blockmanagement.BlockManager: defaultReplication         = 1
2021-04-29 03:46:39,697 INFO blockmanagement.BlockManager: maxReplication             = 512
2021-04-29 03:46:39,697 INFO blockmanagement.BlockManager: minReplication             = 1
2021-04-29 03:46:39,697 INFO blockmanagement.BlockManager: maxReplicationStreams      = 2
2021-04-29 03:46:39,697 INFO blockmanagement.BlockManager: redundancyRecheckInterval  = 3000ms
2021-04-29 03:46:39,697 INFO blockmanagement.BlockManager: encryptDataTransfer        = false
2021-04-29 03:46:39,697 INFO blockmanagement.BlockManager: maxNumBlocksToLog          = 1000
2021-04-29 03:46:39,746 INFO namenode.FSDirectory: GLOBAL serial map: bits=29 maxEntries=536870911
2021-04-29 03:46:39,746 INFO namenode.FSDirectory: USER serial map: bits=24 maxEntries=16777215
2021-04-29 03:46:39,746 INFO namenode.FSDirectory: GROUP serial map: bits=24 maxEntries=16777215
2021-04-29 03:46:39,746 INFO namenode.FSDirectory: XATTR serial map: bits=24 maxEntries=16777215
2021-04-29 03:46:39,770 INFO util.GSet: Computing capacity for map INodeMap
2021-04-29 03:46:39,770 INFO util.GSet: VM type       = 64-bit
2021-04-29 03:46:39,771 INFO util.GSet: 1.0% max memory 660 MB = 6.6 MB
2021-04-29 03:46:39,771 INFO util.GSet: capacity      = 2^20 = 1048576 entries
2021-04-29 03:46:39,772 INFO namenode.FSDirectory: ACLs enabled? false
2021-04-29 03:46:39,772 INFO namenode.FSDirectory: POSIX ACL inheritance enabled? true
2021-04-29 03:46:39,772 INFO namenode.FSDirectory: XAttrs enabled? true
2021-04-29 03:46:39,773 INFO namenode.NameNode: Caching file names occurring more than 10 times
2021-04-29 03:46:39,812 INFO snapshot.SnapshotManager: Loaded config captureOpenFiles: false, skipCaptureAccessTimeOnlyChange: false, snapshotDiffAllowSnapRootDescendant: true, maxSnapshotLimit: 65536
2021-04-29 03:46:39,819 INFO snapshot.SnapshotManager: SkipList is disabled
2021-04-29 03:46:39,828 INFO util.GSet: Computing capacity for map cachedBlocks
2021-04-29 03:46:39,829 INFO util.GSet: VM type       = 64-bit
2021-04-29 03:46:39,829 INFO util.GSet: 0.25% max memory 660 MB = 1.6 MB
2021-04-29 03:46:39,829 INFO util.GSet: capacity      = 2^18 = 262144 entries
2021-04-29 03:46:39,847 INFO metrics.TopMetrics: NNTop conf: dfs.namenode.top.window.num.buckets = 10
2021-04-29 03:46:39,848 INFO metrics.TopMetrics: NNTop conf: dfs.namenode.top.num.users = 10
2021-04-29 03:46:39,848 INFO metrics.TopMetrics: NNTop conf: dfs.namenode.top.windows.minutes = 1,5,25
2021-04-29 03:46:39,858 INFO namenode.FSNamesystem: Retry cache on namenode is enabled
2021-04-29 03:46:39,859 INFO namenode.FSNamesystem: Retry cache will use 0.03 of total heap and retry cache entry expiry time is 600000 millis
2021-04-29 03:46:39,863 INFO util.GSet: Computing capacity for map NameNodeRetryCache
2021-04-29 03:46:39,863 INFO util.GSet: VM type       = 64-bit
2021-04-29 03:46:39,863 INFO util.GSet: 0.029999999329447746% max memory 660 MB = 202.8 KB
2021-04-29 03:46:39,863 INFO util.GSet: capacity      = 2^15 = 32768 entries
2021-04-29 03:46:39,921 INFO namenode.FSImage: Allocated new BlockPoolId: BP-1917992635-127.0.1.1-1619693199907
2021-04-29 03:46:40,073 INFO common.Storage: Storage directory /home/hdoop/tmpdata/dfs/name has been successfully formatted.
2021-04-29 03:46:40,279 INFO namenode.FSImageFormatProtobuf: Saving image file /home/hdoop/tmpdata/dfs/name/current/fsimage.ckpt_0000000000000000000 using no compression
2021-04-29 03:46:40,437 INFO namenode.FSImageFormatProtobuf: Image file /home/hdoop/tmpdata/dfs/name/current/fsimage.ckpt_0000000000000000000 of size 400 bytes saved in 0 seconds .
2021-04-29 03:46:40,468 INFO namenode.NNStorageRetentionManager: Going to retain 1 images with txid >= 0
2021-04-29 03:46:40,479 INFO namenode.FSImage: FSImageSaver clean checkpoint: txid=0 when meet shutdown.
2021-04-29 03:46:40,479 INFO namenode.NameNode: SHUTDOWN_MSG: 
/************************************************************
SHUTDOWN_MSG: Shutting down NameNode at ubuntu/127.0.1.1
************************************************************/
hdoop@ubuntu:~$ cd ~/hadoop-3.2.1/sbin
hdoop@ubuntu:~/hadoop-3.2.1/sbin$ ./start-dfs.sh
Starting namenodes on [localhost]
Starting datanodes
Starting secondary namenodes [ubuntu]
ubuntu: Warning: Permanently added 'ubuntu' (ECDSA) to the list of known hosts.
hdoop@ubuntu:~/hadoop-3.2.1/sbin$ ./start-yarn.sh
Starting resourcemanager
Starting nodemanagers
hdoop@ubuntu:~/hadoop-3.2.1/sbin$ jps
5952 DataNode
6194 SecondaryNameNode
6523 NodeManager
5819 NameNode
6654 Jps
hdoop@ubuntu:~/hadoop-3.2.1/sbin$ hdfs dfs -mkdir /input_dir
hdoop@ubuntu:~/hadoop-3.2.1/sbin$ hdfs fs -ls /
ERROR: fs is not COMMAND nor fully qualified CLASSNAME.
Usage: hdfs [OPTIONS] SUBCOMMAND [SUBCOMMAND OPTIONS]

  OPTIONS is none or any of:

--buildpaths                       attempt to add class files from build tree
--config dir                       Hadoop config directory
--daemon (start|status|stop)       operate on a daemon
--debug                            turn on shell script debug mode
--help                             usage information
--hostnames list[,of,host,names]   hosts to use in worker mode
--hosts filename                   list of hosts to use in worker mode
--loglevel level                   set the log4j level for this command
--workers                          turn on worker mode

  SUBCOMMAND is one of:


    Admin Commands:

cacheadmin           configure the HDFS cache
crypto               configure HDFS encryption zones
debug                run a Debug Admin to execute HDFS debug commands
dfsadmin             run a DFS admin client
dfsrouteradmin       manage Router-based federation
ec                   run a HDFS ErasureCoding CLI
fsck                 run a DFS filesystem checking utility
haadmin              run a DFS HA admin client
jmxget               get JMX exported values from NameNode or DataNode.
oev                  apply the offline edits viewer to an edits file
oiv                  apply the offline fsimage viewer to an fsimage
oiv_legacy           apply the offline fsimage viewer to a legacy fsimage
storagepolicies      list/get/set/satisfyStoragePolicy block storage policies

    Client Commands:

classpath            prints the class path needed to get the hadoop jar and
                     the required libraries
dfs                  run a filesystem command on the file system
envvars              display computed Hadoop environment variables
fetchdt              fetch a delegation token from the NameNode
getconf              get config values from configuration
groups               get the groups which users belong to
lsSnapshottableDir   list all snapshottable dirs owned by the current user
snapshotDiff         diff two snapshots of a directory or diff the current
                     directory contents with a snapshot
version              print the version

    Daemon Commands:

balancer             run a cluster balancing utility
datanode             run a DFS datanode
dfsrouter            run the DFS router
diskbalancer         Distributes data evenly among disks on a given node
httpfs               run HttpFS server, the HDFS HTTP Gateway
journalnode          run the DFS journalnode
mover                run a utility to move block replicas across storage
                     types
namenode             run the DFS namenode
nfs3                 run an NFS version 3 gateway
portmap              run a portmap service
secondarynamenode    run the DFS secondary namenode
sps                  run external storagepolicysatisfier
zkfc                 run the ZK Failover Controller daemon

SUBCOMMAND may print help when invoked w/o parameters or with -h.
hdoop@ubuntu:~/hadoop-3.2.1/sbin$ hdfs dfs -ls /
Found 1 items
drwxr-xr-x   - hdoop supergroup          0 2021-04-29 03:48 /input_dir
hdoop@ubuntu:~/hadoop-3.2.1/sbin$ hadoop fs -put /home/divyank/test.txt /input_dir
put: `/home/divyank/test.txt': No such file or directory
hdoop@ubuntu:~/hadoop-3.2.1/sbin$ hadoop fs -put /home/divyank/test /input_dir
2021-04-29 03:51:24,057 INFO sasl.SaslDataTransferClient: SASL encryption trust check: localHostTrusted = false, remoteHostTrusted = false
hdoop@ubuntu:~/hadoop-3.2.1/sbin$ hdfs dfs -ls /input_dir
Found 1 items
-rw-r--r--   1 hdoop supergroup         56 2021-04-29 03:51 /input_dir/test
hdoop@ubuntu:~/hadoop-3.2.1/sbin$ hdfs dfs -cat /input_dir/test
2021-04-29 03:52:29,747 INFO sasl.SaslDataTransferClient: SASL encryption trust check: localHostTrusted = false, remoteHostTrusted = false
Hi hello
where are you
I know exactly where you are
Bye
hdoop@ubuntu:~/hadoop-3.2.1/sbin$ hadoop jar /home/divyank/Downloads/wordcount.jar wordcount /input_dir/output_dir
Exception in thread "main" java.lang.ClassNotFoundException: wordcount
	at java.net.URLClassLoader.findClass(URLClassLoader.java:382)
	at java.lang.ClassLoader.loadClass(ClassLoader.java:418)
	at java.lang.ClassLoader.loadClass(ClassLoader.java:351)
	at java.lang.Class.forName0(Native Method)
	at java.lang.Class.forName(Class.java:348)
	at org.apache.hadoop.util.RunJar.run(RunJar.java:316)
	at org.apache.hadoop.util.RunJar.main(RunJar.java:236)
hdoop@ubuntu:~/hadoop-3.2.1/sbin$ hadoop jar /home/divyank/Downloads/MapReduceClient.jar wordcount /input_dir/output
Usage: wordcount <in> [<in>...] <out>
hdoop@ubuntu:~/hadoop-3.2.1/sbin$ hadoop jar /home/divyank/Downloads/MapReduceClient.jar wordcount /input_dir /output
2021-04-29 03:56:44,778 INFO client.RMProxy: Connecting to ResourceManager at /127.0.0.1:8032
2021-04-29 03:56:47,783 INFO mapreduce.JobResourceUploader: Disabling Erasure Coding for path: /tmp/hadoop-yarn/staging/hdoop/.staging/job_1619692007944_0001
2021-04-29 03:56:48,343 INFO sasl.SaslDataTransferClient: SASL encryption trust check: localHostTrusted = false, remoteHostTrusted = false
2021-04-29 03:56:49,136 INFO input.FileInputFormat: Total input files to process : 1
2021-04-29 03:56:49,392 INFO sasl.SaslDataTransferClient: SASL encryption trust check: localHostTrusted = false, remoteHostTrusted = false
2021-04-29 03:56:49,908 INFO sasl.SaslDataTransferClient: SASL encryption trust check: localHostTrusted = false, remoteHostTrusted = false
2021-04-29 03:56:50,021 INFO mapreduce.JobSubmitter: number of splits:1
2021-04-29 03:56:50,790 INFO sasl.SaslDataTransferClient: SASL encryption trust check: localHostTrusted = false, remoteHostTrusted = false
2021-04-29 03:56:50,911 INFO mapreduce.JobSubmitter: Submitting tokens for job: job_1619692007944_0001
2021-04-29 03:56:50,912 INFO mapreduce.JobSubmitter: Executing with tokens: []
2021-04-29 03:56:51,575 INFO conf.Configuration: resource-types.xml not found
2021-04-29 03:56:51,575 INFO resource.ResourceUtils: Unable to find 'resource-types.xml'.
2021-04-29 03:56:57,765 INFO impl.YarnClientImpl: Submitted application application_1619692007944_0001
2021-04-29 03:56:58,104 INFO mapreduce.Job: The url to track the job: http://ubuntu:8088/proxy/application_1619692007944_0001/
2021-04-29 03:56:58,105 INFO mapreduce.Job: Running job: job_1619692007944_0001
2021-04-29 03:59:32,770 INFO mapreduce.Job: Job job_1619692007944_0001 running in uber mode : false
2021-04-29 03:59:32,889 INFO mapreduce.Job:  map 0% reduce 0%
2021-04-29 03:59:49,018 INFO mapreduce.Job:  map 100% reduce 0%
2021-04-29 03:59:54,117 INFO mapreduce.Job:  map 100% reduce 100%
2021-04-29 03:59:57,149 INFO mapreduce.Job: Job job_1619692007944_0001 completed successfully
2021-04-29 03:59:58,679 INFO mapreduce.Job: Counters: 54
	File System Counters
		FILE: Number of bytes read=102
		FILE: Number of bytes written=451487
		FILE: Number of read operations=0
		FILE: Number of large read operations=0
		FILE: Number of write operations=0
		HDFS: Number of bytes read=157
		HDFS: Number of bytes written=60
		HDFS: Number of read operations=8
		HDFS: Number of large read operations=0
		HDFS: Number of write operations=2
		HDFS: Number of bytes read erasure-coded=0
	Job Counters 
		Launched map tasks=1
		Launched reduce tasks=1
		Data-local map tasks=1
		Total time spent by all maps in occupied slots (ms)=11012
		Total time spent by all reduces in occupied slots (ms)=3363
		Total time spent by all map tasks (ms)=11012
		Total time spent by all reduce tasks (ms)=3363
		Total vcore-milliseconds taken by all map tasks=11012
		Total vcore-milliseconds taken by all reduce tasks=3363
		Total megabyte-milliseconds taken by all map tasks=11276288
		Total megabyte-milliseconds taken by all reduce tasks=3443712
	Map-Reduce Framework
		Map input records=4
		Map output records=12
		Map output bytes=104
		Map output materialized bytes=102
		Input split bytes=101
		Combine input records=12
		Combine output records=9
		Reduce input groups=9
		Reduce shuffle bytes=102
		Reduce input records=9
		Reduce output records=9
		Spilled Records=18
		Shuffled Maps =1
		Failed Shuffles=0
		Merged Map outputs=1
		GC time elapsed (ms)=185
		CPU time spent (ms)=1850
		Physical memory (bytes) snapshot=512503808
		Virtual memory (bytes) snapshot=5057318912
		Total committed heap usage (bytes)=384303104
		Peak Map Physical memory (bytes)=312463360
		Peak Map Virtual memory (bytes)=2525024256
		Peak Reduce Physical memory (bytes)=200040448
		Peak Reduce Virtual memory (bytes)=2532294656
	Shuffle Errors
		BAD_ID=0
		CONNECTION=0
		IO_ERROR=0
		WRONG_LENGTH=0
		WRONG_MAP=0
		WRONG_REDUCE=0
	File Input Format Counters 
		Bytes Read=56
	File Output Format Counters 
		Bytes Written=60
hdoop@ubuntu:~/hadoop-3.2.1/sbin$ hdfs dfs -cat /output/*
2021-04-29 04:00:19,500 INFO sasl.SaslDataTransferClient: SASL encryption trust check: localHostTrusted = false, remoteHostTrusted = false
Bye	1
Hi	1
I	1
are	2
exactly	1
hello	1
know	1
where	2
you	2